[Wed Aug 13 16:29:19 2014] Initializing cgroup subsys cpuset
[Wed Aug 13 16:29:19 2014] Initializing cgroup subsys cpu
[Wed Aug 13 16:29:19 2014] Linux version 3.8.6-joyent-debian-6-opt (root@debian-607-kenel-build) (gcc version 4.4.5 (Debian 4.4.5-8) ) #1 SMP Wed Apr 10 22:00:18 UTC 2013
[Wed Aug 13 16:29:19 2014] Command line: BOOT_IMAGE=/boot/vmlinuz-3.8.6-joyent-debian-6-opt root=/dev/vda1 ro
[Wed Aug 13 16:29:19 2014] e820: BIOS-provided physical RAM map:
[Wed Aug 13 16:29:19 2014] BIOS-e820: [mem 0x0000000000000000-0x000000000009bbff] usable
[Wed Aug 13 16:29:19 2014] BIOS-e820: [mem 0x000000000009bc00-0x000000000009ffff] reserved
[Wed Aug 13 16:29:19 2014] BIOS-e820: [mem 0x00000000000f0000-0x00000000000fffff] reserved
[Wed Aug 13 16:29:19 2014] BIOS-e820: [mem 0x0000000000100000-0x000000003fffcfff] usable
[Wed Aug 13 16:29:19 2014] BIOS-e820: [mem 0x000000003fffd000-0x000000003fffffff] reserved
[Wed Aug 13 16:29:19 2014] BIOS-e820: [mem 0x00000000feffc000-0x00000000feffffff] reserved
[Wed Aug 13 16:29:19 2014] BIOS-e820: [mem 0x00000000fffc0000-0x00000000ffffffff] reserved
[Wed Aug 13 16:29:19 2014] NX (Execute Disable) protection: active
[Wed Aug 13 16:29:19 2014] SMBIOS 2.4 present.
[Wed Aug 13 16:29:19 2014] DMI: Joyent SmartDC HVM, BIOS Bochs 01/01/2007
[Wed Aug 13 16:29:19 2014] e820: update [mem 0x00000000-0x0000ffff] usable ==> reserved
[Wed Aug 13 16:29:19 2014] e820: remove [mem 0x000a0000-0x000fffff] usable
[Wed Aug 13 16:29:19 2014] No AGP bridge found
[Wed Aug 13 16:29:19 2014] e820: last_pfn = 0x3fffd max_arch_pfn = 0x400000000
[Wed Aug 13 16:29:19 2014] MTRR default type: write-back
[Wed Aug 13 16:29:19 2014] MTRR fixed ranges enabled:
[Wed Aug 13 16:29:19 2014]   00000-9FFFF write-back
[Wed Aug 13 16:29:19 2014]   A0000-BFFFF uncachable
[Wed Aug 13 16:29:19 2014]   C0000-FFFFF write-protect
[Wed Aug 13 16:29:19 2014] MTRR variable ranges enabled:
[Wed Aug 13 16:29:19 2014]   0 base 00E0000000 mask FFE0000000 uncachable
[Wed Aug 13 16:29:19 2014]   1 disabled
[Wed Aug 13 16:29:19 2014]   2 disabled
[Wed Aug 13 16:29:19 2014]   3 disabled
[Wed Aug 13 16:29:19 2014]   4 disabled
[Wed Aug 13 16:29:19 2014]   5 disabled
[Wed Aug 13 16:29:19 2014]   6 disabled
[Wed Aug 13 16:29:19 2014]   7 disabled
[Wed Aug 13 16:29:19 2014] PAT not supported by CPU.
[Wed Aug 13 16:29:19 2014] found SMP MP-table at [mem 0x000fdbf0-0x000fdbff] mapped at [ffff8800000fdbf0]
[Wed Aug 13 16:29:19 2014] initial memory mapped: [mem 0x00000000-0x1fffffff]
[Wed Aug 13 16:29:19 2014] Base memory trampoline at [ffff880000095000] 95000 size 24576
[Wed Aug 13 16:29:19 2014] init_memory_mapping: [mem 0x00000000-0x3fffcfff]
[Wed Aug 13 16:29:19 2014]  [mem 0x00000000-0x3fdfffff] page 2M
[Wed Aug 13 16:29:19 2014]  [mem 0x3fe00000-0x3fffcfff] page 4k
[Wed Aug 13 16:29:19 2014] kernel direct mapping tables up to 0x3fffcfff @ [mem 0x1fffd000-0x1fffffff]
[Wed Aug 13 16:29:19 2014] RAMDISK: [mem 0x2fd98000-0x3003cfff]
[Wed Aug 13 16:29:19 2014] ACPI: RSDP 00000000000fdba0 00014 (v00 BOCHS )
[Wed Aug 13 16:29:19 2014] ACPI: RSDT 000000003fffdc00 00034 (v01 BOCHS  BXPCRSDT 00000001 BXPC 00000001)
[Wed Aug 13 16:29:19 2014] ACPI: FACP 000000003ffffe20 00074 (v01 BOCHS  BXPCFACP 00000001 BXPC 00000001)
[Wed Aug 13 16:29:19 2014] ACPI: DSDT 000000003fffde00 01FB7 (v01   BXPC   BXDSDT 00000001 INTL 20090123)
[Wed Aug 13 16:29:19 2014] ACPI: FACS 000000003ffffdc0 00040
[Wed Aug 13 16:29:19 2014] ACPI: SSDT 000000003fffdd60 0009E (v01 BOCHS  BXPCSSDT 00000001 BXPC 00000001)
[Wed Aug 13 16:29:19 2014] ACPI: APIC 000000003fffdc80 00072 (v01 BOCHS  BXPCAPIC 00000001 BXPC 00000001)
[Wed Aug 13 16:29:19 2014] ACPI: HPET 000000003fffdc40 00038 (v01 BOCHS  BXPCHPET 00000001 BXPC 00000001)
[Wed Aug 13 16:29:19 2014] ACPI: Local APIC address 0xfee00000
[Wed Aug 13 16:29:19 2014] No NUMA configuration found
[Wed Aug 13 16:29:19 2014] Faking a node at [mem 0x0000000000000000-0x000000003fffcfff]
[Wed Aug 13 16:29:19 2014] Initmem setup node 0 [mem 0x00000000-0x3fffcfff]
[Wed Aug 13 16:29:19 2014]   NODE_DATA [mem 0x3fff9000-0x3fffcfff]
[Wed Aug 13 16:29:19 2014]  [ffffea0000000000-ffffea0000ffffff] PMD -> [ffff88003e600000-ffff88003f5fffff] on node 0
[Wed Aug 13 16:29:19 2014] Zone ranges:
[Wed Aug 13 16:29:19 2014]   DMA      [mem 0x00010000-0x00ffffff]
[Wed Aug 13 16:29:19 2014]   DMA32    [mem 0x01000000-0xffffffff]
[Wed Aug 13 16:29:19 2014]   Normal   empty
[Wed Aug 13 16:29:19 2014] Movable zone start for each node
[Wed Aug 13 16:29:19 2014] Early memory node ranges
[Wed Aug 13 16:29:19 2014]   node   0: [mem 0x00010000-0x0009afff]
[Wed Aug 13 16:29:19 2014]   node   0: [mem 0x00100000-0x3fffcfff]
[Wed Aug 13 16:29:19 2014] On node 0 totalpages: 262024
[Wed Aug 13 16:29:19 2014]   DMA zone: 64 pages used for memmap
[Wed Aug 13 16:29:19 2014]   DMA zone: 6 pages reserved
[Wed Aug 13 16:29:19 2014]   DMA zone: 3909 pages, LIFO batch:0
[Wed Aug 13 16:29:19 2014]   DMA32 zone: 4032 pages used for memmap
[Wed Aug 13 16:29:19 2014]   DMA32 zone: 254013 pages, LIFO batch:31
[Wed Aug 13 16:29:19 2014] ACPI: PM-Timer IO Port: 0xb008
[Wed Aug 13 16:29:19 2014] ACPI: Local APIC address 0xfee00000
[Wed Aug 13 16:29:19 2014] ACPI: LAPIC (acpi_id[0x00] lapic_id[0x00] enabled)
[Wed Aug 13 16:29:19 2014] ACPI: IOAPIC (id[0x01] address[0xfec00000] gsi_base[0])
[Wed Aug 13 16:29:19 2014] IOAPIC[0]: apic_id 1, version 17, address 0xfec00000, GSI 0-23
[Wed Aug 13 16:29:19 2014] ACPI: INT_SRC_OVR (bus 0 bus_irq 0 global_irq 2 dfl dfl)
[Wed Aug 13 16:29:19 2014] ACPI: INT_SRC_OVR (bus 0 bus_irq 5 global_irq 5 high level)
[Wed Aug 13 16:29:19 2014] ACPI: INT_SRC_OVR (bus 0 bus_irq 9 global_irq 9 high level)
[Wed Aug 13 16:29:19 2014] ACPI: INT_SRC_OVR (bus 0 bus_irq 10 global_irq 10 high level)
[Wed Aug 13 16:29:19 2014] ACPI: INT_SRC_OVR (bus 0 bus_irq 11 global_irq 11 high level)
[Wed Aug 13 16:29:19 2014] ACPI: IRQ0 used by override.
[Wed Aug 13 16:29:19 2014] ACPI: IRQ2 used by override.
[Wed Aug 13 16:29:19 2014] ACPI: IRQ5 used by override.
[Wed Aug 13 16:29:19 2014] ACPI: IRQ9 used by override.
[Wed Aug 13 16:29:19 2014] ACPI: IRQ10 used by override.
[Wed Aug 13 16:29:19 2014] ACPI: IRQ11 used by override.
[Wed Aug 13 16:29:19 2014] Using ACPI (MADT) for SMP configuration information
[Wed Aug 13 16:29:19 2014] ACPI: HPET id: 0x8086a201 base: 0xfed00000
[Wed Aug 13 16:29:19 2014] smpboot: Allowing 1 CPUs, 0 hotplug CPUs
[Wed Aug 13 16:29:19 2014] nr_irqs_gsi: 40
[Wed Aug 13 16:29:19 2014] e820: [mem 0x40000000-0xfeffbfff] available for PCI devices
[Wed Aug 13 16:29:19 2014] setup_percpu: NR_CPUS:32 nr_cpumask_bits:32 nr_cpu_ids:1 nr_node_ids:1
[Wed Aug 13 16:29:19 2014] PERCPU: Embedded 25 pages/cpu @ffff88003fc00000 s73152 r8192 d21056 u2097152
[Wed Aug 13 16:29:19 2014] pcpu-alloc: s73152 r8192 d21056 u2097152 alloc=1*2097152
[Wed Aug 13 16:29:19 2014] pcpu-alloc: [0] 0 
[Wed Aug 13 16:29:19 2014] Built 1 zonelists in Node order, mobility grouping on.  Total pages: 257922
[Wed Aug 13 16:29:19 2014] Policy zone: DMA32
[Wed Aug 13 16:29:19 2014] Kernel command line: ro root=/dev/vda1 divider=10 rd_NO_LUKS rd_NO_LVM rd_NO_MD rd_NO_DM LANG=en_US.UTF-8 SYSFONT=latarcyrheb-sun16 KEYBOARDTYPE=pc KEYTABLE=us nodmraid nomodeset nousb tsc=reliable no_console_suspend BOOT_IMAGE=/boot/vmlinuz-3.8.6-joyent-debian-6-opt root=/dev/vda1 ro
[Wed Aug 13 16:29:19 2014] PID hash table entries: 4096 (order: 3, 32768 bytes)
[Wed Aug 13 16:29:19 2014] __ex_table already sorted, skipping sort
[Wed Aug 13 16:29:19 2014] Checking aperture...
[Wed Aug 13 16:29:19 2014] No AGP bridge found
[Wed Aug 13 16:29:19 2014] Calgary: detecting Calgary via BIOS EBDA area
[Wed Aug 13 16:29:19 2014] Calgary: Unable to locate Rio Grande table in EBDA - bailing!
[Wed Aug 13 16:29:19 2014] Memory: 1020244k/1048564k available (5559k kernel code, 468k absent, 27852k reserved, 1989k data, 536k init)
[Wed Aug 13 16:29:19 2014] SLUB: Genslabs=15, HWalign=64, Order=0-3, MinObjects=0, CPUs=1, Nodes=1
[Wed Aug 13 16:29:19 2014] Hierarchical RCU implementation.
[Wed Aug 13 16:29:19 2014] 	RCU restricting CPUs from NR_CPUS=32 to nr_cpu_ids=1.
[Wed Aug 13 16:29:19 2014] NR_IRQS:4352 nr_irqs:256 16
[Wed Aug 13 16:29:19 2014] Console: colour VGA+ 80x25
[Wed Aug 13 16:29:19 2014] console [tty0] enabled
[Wed Aug 13 16:29:19 2014] hpet clockevent registered
[Wed Aug 13 16:29:19 2014] tsc: Fast TSC calibration using PIT
[Wed Aug 13 16:29:19 2014] tsc: Detected 3392.246 MHz processor
[Wed Aug 13 16:29:19 2014] Calibrating delay loop (skipped), value calculated using timer frequency.. 6784.49 BogoMIPS (lpj=33922460)
[Wed Aug 13 16:29:19 2014] pid_max: default: 32768 minimum: 301
[Wed Aug 13 16:29:19 2014] Security Framework initialized
[Wed Aug 13 16:29:19 2014] Dentry cache hash table entries: 131072 (order: 8, 1048576 bytes)
[Wed Aug 13 16:29:19 2014] Inode-cache hash table entries: 65536 (order: 7, 524288 bytes)
[Wed Aug 13 16:29:19 2014] Mount-cache hash table entries: 256
[Wed Aug 13 16:29:19 2014] Initializing cgroup subsys cpuacct
[Wed Aug 13 16:29:19 2014] Initializing cgroup subsys devices
[Wed Aug 13 16:29:19 2014] Initializing cgroup subsys freezer
[Wed Aug 13 16:29:19 2014] mce: CPU supports 10 MCE banks
[Wed Aug 13 16:29:19 2014] Last level iTLB entries: 4KB 0, 2MB 0, 4MB 0
[Wed Aug 13 16:29:19 2014] Last level dTLB entries: 4KB 0, 2MB 0, 4MB 0
[Wed Aug 13 16:29:19 2014] tlb_flushall_shift: 6
[Wed Aug 13 16:29:19 2014] Freeing SMP alternatives: 24k freed
[Wed Aug 13 16:29:19 2014] ACPI: Core revision 20121018
[Wed Aug 13 16:29:19 2014] ..TIMER: vector=0x30 apic1=0 pin1=2 apic2=-1 pin2=-1
[Wed Aug 13 16:29:19 2014] smpboot: CPU0: Intel QEMU Virtual CPU version 0.14.1 (fam: 06, model: 02, stepping: 03)
[Wed Aug 13 16:29:19 2014] Performance Events: unsupported p6 CPU model 2 no PMU driver, software events only.
[Wed Aug 13 16:29:19 2014] Brought up 1 CPUs
[Wed Aug 13 16:29:19 2014] smpboot: Total of 1 processors activated (6784.49 BogoMIPS)
[Wed Aug 13 16:29:19 2014] devtmpfs: initialized
[Wed Aug 13 16:29:19 2014] NET: Registered protocol family 16
[Wed Aug 13 16:29:19 2014] ACPI: bus type pci registered
[Wed Aug 13 16:29:19 2014] PCI: Using configuration type 1 for base access
[Wed Aug 13 16:29:19 2014] bio: create slab <bio-0> at 0
[Wed Aug 13 16:29:19 2014] ACPI: Added _OSI(Module Device)
[Wed Aug 13 16:29:19 2014] ACPI: Added _OSI(Processor Device)
[Wed Aug 13 16:29:19 2014] ACPI: Added _OSI(3.0 _SCP Extensions)
[Wed Aug 13 16:29:19 2014] ACPI: Added _OSI(Processor Aggregator Device)
[Wed Aug 13 16:29:19 2014] ACPI: EC: Look up EC in DSDT
[Wed Aug 13 16:29:19 2014] ACPI: Interpreter enabled
[Wed Aug 13 16:29:19 2014] ACPI: (supports S0 S5)
[Wed Aug 13 16:29:19 2014] ACPI: Using IOAPIC for interrupt routing
[Wed Aug 13 16:29:19 2014] PCI: Ignoring host bridge windows from ACPI; if necessary, use "pci=use_crs" and report a bug
[Wed Aug 13 16:29:19 2014] ACPI: PCI Root Bridge [PCI0] (domain 0000 [bus 00-ff])
[Wed Aug 13 16:29:19 2014] ACPI: PCI Interrupt Routing Table [\_SB_.PCI0._PRT]
[Wed Aug 13 16:29:19 2014] pci_root PNP0A03:00: ACPI _OSC support notification failed, disabling PCIe ASPM
[Wed Aug 13 16:29:19 2014] pci_root PNP0A03:00: Unable to request _OSC control (_OSC support mask: 0x08)
[Wed Aug 13 16:29:19 2014] pci_root PNP0A03:00: host bridge window [io  0x0000-0x0cf7] (ignored)
[Wed Aug 13 16:29:19 2014] pci_root PNP0A03:00: host bridge window [io  0x0d00-0xffff] (ignored)
[Wed Aug 13 16:29:19 2014] pci_root PNP0A03:00: host bridge window [mem 0x000a0000-0x000bffff] (ignored)
[Wed Aug 13 16:29:19 2014] pci_root PNP0A03:00: host bridge window [mem 0xe0000000-0xfebfffff] (ignored)
[Wed Aug 13 16:29:19 2014] PCI: root bus 00: using default resources
[Wed Aug 13 16:29:19 2014] pci_root PNP0A03:00: fail to add MMCONFIG information, can't access extended PCI configuration space under this bridge.
[Wed Aug 13 16:29:19 2014] PCI host bridge to bus 0000:00
[Wed Aug 13 16:29:19 2014] pci_bus 0000:00: root bus resource [bus 00-ff]
[Wed Aug 13 16:29:19 2014] pci_bus 0000:00: root bus resource [io  0x0000-0xffff]
[Wed Aug 13 16:29:19 2014] pci_bus 0000:00: root bus resource [mem 0x00000000-0xffffffffff]
[Wed Aug 13 16:29:19 2014] pci 0000:00:00.0: [8086:1237] type 00 class 0x060000
[Wed Aug 13 16:29:19 2014] pci 0000:00:01.0: [8086:7000] type 00 class 0x060100
[Wed Aug 13 16:29:19 2014] pci 0000:00:01.1: [8086:7010] type 00 class 0x010180
[Wed Aug 13 16:29:19 2014] pci 0000:00:01.1: reg 20: [io  0xc000-0xc00f]
[Wed Aug 13 16:29:19 2014] pci 0000:00:01.2: [8086:7020] type 00 class 0x0c0300
[Wed Aug 13 16:29:19 2014] pci 0000:00:01.2: reg 20: [io  0xc020-0xc03f]
[Wed Aug 13 16:29:19 2014] pci 0000:00:01.3: [8086:7113] type 00 class 0x068000
[Wed Aug 13 16:29:19 2014] pci 0000:00:01.3: quirk: [io  0xb000-0xb03f] claimed by PIIX4 ACPI
[Wed Aug 13 16:29:19 2014] pci 0000:00:01.3: quirk: [io  0xb100-0xb10f] claimed by PIIX4 SMB
[Wed Aug 13 16:29:19 2014] pci 0000:00:02.0: [1234:1111] type 00 class 0x030000
[Wed Aug 13 16:29:19 2014] pci 0000:00:02.0: reg 10: [mem 0xf0000000-0xf0ffffff pref]
[Wed Aug 13 16:29:19 2014] pci 0000:00:02.0: reg 30: [mem 0xf1000000-0xf100ffff pref]
[Wed Aug 13 16:29:19 2014] pci 0000:00:03.0: [1af4:1000] type 00 class 0x020000
[Wed Aug 13 16:29:19 2014] pci 0000:00:03.0: reg 10: [io  0xc040-0xc05f]
[Wed Aug 13 16:29:19 2014] pci 0000:00:03.0: reg 14: [mem 0xf1010000-0xf1010fff]
[Wed Aug 13 16:29:19 2014] pci 0000:00:03.0: reg 30: [mem 0xf1020000-0xf102ffff pref]
[Wed Aug 13 16:29:19 2014] pci 0000:00:04.0: [1af4:1001] type 00 class 0x010000
[Wed Aug 13 16:29:19 2014] pci 0000:00:04.0: reg 10: [io  0xc080-0xc0bf]
[Wed Aug 13 16:29:19 2014] pci 0000:00:04.0: reg 14: [mem 0xf1030000-0xf1030fff]
[Wed Aug 13 16:29:19 2014] pci 0000:00:05.0: [1af4:1001] type 00 class 0x010000
[Wed Aug 13 16:29:19 2014] pci 0000:00:05.0: reg 10: [io  0xc0c0-0xc0ff]
[Wed Aug 13 16:29:19 2014] pci 0000:00:05.0: reg 14: [mem 0xf1031000-0xf1031fff]
[Wed Aug 13 16:29:19 2014] ACPI _OSC control for PCIe not granted, disabling ASPM
[Wed Aug 13 16:29:19 2014] ACPI: PCI Interrupt Link [LNKA] (IRQs 5 *10 11)
[Wed Aug 13 16:29:19 2014] ACPI: PCI Interrupt Link [LNKB] (IRQs 5 *10 11)
[Wed Aug 13 16:29:19 2014] ACPI: PCI Interrupt Link [LNKC] (IRQs 5 10 *11)
[Wed Aug 13 16:29:19 2014] ACPI: PCI Interrupt Link [LNKD] (IRQs 5 10 *11)
[Wed Aug 13 16:29:19 2014] ACPI: PCI Interrupt Link [LNKS] (IRQs 9) *0
[Wed Aug 13 16:29:19 2014] vgaarb: device added: PCI:0000:00:02.0,decodes=io+mem,owns=io+mem,locks=none
[Wed Aug 13 16:29:19 2014] vgaarb: loaded
[Wed Aug 13 16:29:19 2014] vgaarb: bridge control possible 0000:00:02.0
[Wed Aug 13 16:29:19 2014] SCSI subsystem initialized
[Wed Aug 13 16:29:19 2014] ACPI: bus type scsi registered
[Wed Aug 13 16:29:19 2014] libata version 3.00 loaded.
[Wed Aug 13 16:29:19 2014] PCI: Using ACPI for IRQ routing
[Wed Aug 13 16:29:19 2014] PCI: pci_cache_line_size set to 64 bytes
[Wed Aug 13 16:29:19 2014] e820: reserve RAM buffer [mem 0x0009bc00-0x0009ffff]
[Wed Aug 13 16:29:19 2014] e820: reserve RAM buffer [mem 0x3fffd000-0x3fffffff]
[Wed Aug 13 16:29:19 2014] HPET: 3 timers in total, 0 timers will be used for per-cpu timer
[Wed Aug 13 16:29:19 2014] Switching to clocksource hpet
[Wed Aug 13 16:29:19 2014] FS-Cache: Loaded
[Wed Aug 13 16:29:19 2014] CacheFiles: Loaded
[Wed Aug 13 16:29:19 2014] pnp: PnP ACPI init
[Wed Aug 13 16:29:19 2014] ACPI: bus type pnp registered
[Wed Aug 13 16:29:19 2014] pnp 00:00: Plug and Play ACPI device, IDs PNP0b00 (active)
[Wed Aug 13 16:29:19 2014] pnp 00:01: Plug and Play ACPI device, IDs PNP0303 (active)
[Wed Aug 13 16:29:19 2014] pnp 00:02: Plug and Play ACPI device, IDs PNP0f13 (active)
[Wed Aug 13 16:29:19 2014] pnp 00:03: [dma 2]
[Wed Aug 13 16:29:19 2014] pnp 00:03: Plug and Play ACPI device, IDs PNP0700 (active)
[Wed Aug 13 16:29:19 2014] pnp 00:04: Plug and Play ACPI device, IDs PNP0501 (active)
[Wed Aug 13 16:29:19 2014] pnp 00:05: Plug and Play ACPI device, IDs PNP0501 (active)
[Wed Aug 13 16:29:19 2014] pnp 00:06: Plug and Play ACPI device, IDs PNP0103 (active)
[Wed Aug 13 16:29:19 2014] pnp: PnP ACPI: found 7 devices
[Wed Aug 13 16:29:19 2014] ACPI: ACPI bus type pnp unregistered
[Wed Aug 13 16:29:19 2014] pci_bus 0000:00: resource 4 [io  0x0000-0xffff]
[Wed Aug 13 16:29:19 2014] pci_bus 0000:00: resource 5 [mem 0x00000000-0xffffffffff]
[Wed Aug 13 16:29:19 2014] NET: Registered protocol family 2
[Wed Aug 13 16:29:19 2014] TCP established hash table entries: 8192 (order: 5, 131072 bytes)
[Wed Aug 13 16:29:19 2014] TCP bind hash table entries: 8192 (order: 5, 131072 bytes)
[Wed Aug 13 16:29:19 2014] TCP: Hash tables configured (established 8192 bind 8192)
[Wed Aug 13 16:29:19 2014] TCP: reno registered
[Wed Aug 13 16:29:19 2014] UDP hash table entries: 512 (order: 2, 16384 bytes)
[Wed Aug 13 16:29:19 2014] UDP-Lite hash table entries: 512 (order: 2, 16384 bytes)
[Wed Aug 13 16:29:19 2014] NET: Registered protocol family 1
[Wed Aug 13 16:29:19 2014] RPC: Registered named UNIX socket transport module.
[Wed Aug 13 16:29:19 2014] RPC: Registered udp transport module.
[Wed Aug 13 16:29:19 2014] RPC: Registered tcp transport module.
[Wed Aug 13 16:29:19 2014] RPC: Registered tcp NFSv4.1 backchannel transport module.
[Wed Aug 13 16:29:19 2014] pci 0000:00:00.0: Limiting direct PCI/PCI transfers
[Wed Aug 13 16:29:19 2014] pci 0000:00:01.0: PIIX3: Enabling Passive Release
[Wed Aug 13 16:29:19 2014] pci 0000:00:01.0: Activating ISA DMA hang workarounds
[Wed Aug 13 16:29:19 2014] ACPI: PCI Interrupt Link [LNKD] enabled at IRQ 11
[Wed Aug 13 16:29:19 2014] pci 0000:00:02.0: Boot video device
[Wed Aug 13 16:29:19 2014] PCI: CLS 0 bytes, default 64
[Wed Aug 13 16:29:19 2014] Trying to unpack rootfs image as initramfs...
[Wed Aug 13 16:29:19 2014] Freeing initrd memory: 2708k freed
[Wed Aug 13 16:29:19 2014] microcode: CPU0 sig=0x623, pf=0x0, revision=0x0
[Wed Aug 13 16:29:19 2014] microcode: Microcode Update Driver: v2.00 <tigran@aivazian.fsnet.co.uk>, Peter Oruba
[Wed Aug 13 16:29:19 2014] audit: initializing netlink socket (disabled)
[Wed Aug 13 16:29:19 2014] type=2000 audit(1407947358.260:1): initialized
[Wed Aug 13 16:29:19 2014] HugeTLB registered 2 MB page size, pre-allocated 0 pages
[Wed Aug 13 16:29:19 2014] VFS: Disk quotas dquot_6.5.2
[Wed Aug 13 16:29:19 2014] Dquot-cache hash table entries: 512 (order 0, 4096 bytes)
[Wed Aug 13 16:29:19 2014] DLM installed
[Wed Aug 13 16:29:19 2014] FS-Cache: Netfs 'nfs' registered for caching
[Wed Aug 13 16:29:19 2014] NFS: Registering the id_resolver key type
[Wed Aug 13 16:29:19 2014] Key type id_resolver registered
[Wed Aug 13 16:29:19 2014] Key type id_legacy registered
[Wed Aug 13 16:29:19 2014] Installing knfsd (copyright (C) 1996 okir@monad.swb.de).
[Wed Aug 13 16:29:19 2014] fuse init (API version 7.20)
[Wed Aug 13 16:29:19 2014] msgmni has been set to 1998
[Wed Aug 13 16:29:19 2014] Block layer SCSI generic (bsg) driver version 0.4 loaded (major 252)
[Wed Aug 13 16:29:19 2014] io scheduler noop registered
[Wed Aug 13 16:29:19 2014] io scheduler deadline registered (default)
[Wed Aug 13 16:29:19 2014] io scheduler cfq registered
[Wed Aug 13 16:29:19 2014] xz_dec_test: module loaded
[Wed Aug 13 16:29:19 2014] xz_dec_test: Create a device node with 'mknod xz_dec_test c 251 0' and write .xz files to it.
[Wed Aug 13 16:29:19 2014] input: Power Button as /devices/LNXSYSTM:00/LNXPWRBN:00/input/input0
[Wed Aug 13 16:29:19 2014] ACPI: Power Button [PWRF]
[Wed Aug 13 16:29:19 2014] ACPI: PCI Interrupt Link [LNKC] enabled at IRQ 10
[Wed Aug 13 16:29:19 2014] virtio-pci 0000:00:03.0: setting latency timer to 64
[Wed Aug 13 16:29:19 2014] virtio-pci 0000:00:04.0: setting latency timer to 64
[Wed Aug 13 16:29:19 2014] ACPI: PCI Interrupt Link [LNKA] enabled at IRQ 10
[Wed Aug 13 16:29:19 2014] virtio-pci 0000:00:05.0: setting latency timer to 64
[Wed Aug 13 16:29:19 2014] Serial: 8250/16550 driver, 2 ports, IRQ sharing enabled
[Wed Aug 13 16:29:19 2014] 00:04: ttyS0 at I/O 0x3f8 (irq = 4) is a 16550A
[Wed Aug 13 16:29:19 2014] 00:05: ttyS1 at I/O 0x2f8 (irq = 3) is a 16550A
[Wed Aug 13 16:29:19 2014] Hangcheck: starting hangcheck timer 0.9.1 (tick is 180 seconds, margin is 60 seconds).
[Wed Aug 13 16:29:19 2014] Hangcheck: Using getrawmonotonic().
[Wed Aug 13 16:29:19 2014] brd: module loaded
[Wed Aug 13 16:29:19 2014] loop: module loaded
[Wed Aug 13 16:29:19 2014] nbd: registered device at major 43
[Wed Aug 13 16:29:19 2014] virtio-pci 0000:00:04.0: irq 40 for MSI/MSI-X
[Wed Aug 13 16:29:19 2014] virtio-pci 0000:00:04.0: irq 41 for MSI/MSI-X
[Wed Aug 13 16:29:19 2014]  vda: vda1 vda2 vda3
[Wed Aug 13 16:29:19 2014] virtio-pci 0000:00:05.0: irq 42 for MSI/MSI-X
[Wed Aug 13 16:29:19 2014] virtio-pci 0000:00:05.0: irq 43 for MSI/MSI-X
[Wed Aug 13 16:29:19 2014]  vdb: vdb1
[Wed Aug 13 16:29:19 2014] virtio-pci 0000:00:03.0: irq 44 for MSI/MSI-X
[Wed Aug 13 16:29:19 2014] virtio-pci 0000:00:03.0: irq 45 for MSI/MSI-X
[Wed Aug 13 16:29:19 2014] virtio-pci 0000:00:03.0: irq 46 for MSI/MSI-X
[Wed Aug 13 16:29:19 2014] e100: Intel(R) PRO/100 Network Driver, 3.5.24-k2-NAPI
[Wed Aug 13 16:29:19 2014] e100: Copyright(c) 1999-2006 Intel Corporation
[Wed Aug 13 16:29:19 2014] e1000: Intel(R) PRO/1000 Network Driver - version 7.3.21-k8-NAPI
[Wed Aug 13 16:29:19 2014] e1000: Copyright (c) 1999-2006 Intel Corporation.
[Wed Aug 13 16:29:19 2014] e1000e: Intel(R) PRO/1000 Network Driver - 2.1.4-k
[Wed Aug 13 16:29:19 2014] e1000e: Copyright(c) 1999 - 2012 Intel Corporation.
[Wed Aug 13 16:29:19 2014] PPP generic driver version 2.4.2
[Wed Aug 13 16:29:19 2014] PPP BSD Compression module registered
[Wed Aug 13 16:29:19 2014] PPP Deflate Compression module registered
[Wed Aug 13 16:29:19 2014] i8042: PNP: PS/2 Controller [PNP0303:KBD,PNP0f13:MOU] at 0x60,0x64 irq 1,12
[Wed Aug 13 16:29:19 2014] serio: i8042 KBD port at 0x60,0x64 irq 1
[Wed Aug 13 16:29:19 2014] serio: i8042 AUX port at 0x60,0x64 irq 12
[Wed Aug 13 16:29:19 2014] mousedev: PS/2 mouse device common for all mice
[Wed Aug 13 16:29:19 2014] input: AT Translated Set 2 keyboard as /devices/platform/i8042/serio0/input/input1
[Wed Aug 13 16:29:19 2014] rtc_cmos 00:00: rtc core: registered rtc_cmos as rtc0
[Wed Aug 13 16:29:19 2014] rtc0: alarms up to one day, 114 bytes nvram, hpet irqs
[Wed Aug 13 16:29:19 2014] softdog: Software Watchdog Timer: 0.08 initialized. soft_noboot=0 soft_margin=60 sec soft_panic=0 (nowayout=0)
[Wed Aug 13 16:29:19 2014] cpuidle: using governor ladder
[Wed Aug 13 16:29:19 2014] cpuidle: using governor menu
[Wed Aug 13 16:29:19 2014] Simple TC action Loaded
[Wed Aug 13 16:29:19 2014] IPv4 over IPv4 tunneling driver
[Wed Aug 13 16:29:19 2014] IPv4 over IPSec tunneling driver
[Wed Aug 13 16:29:19 2014] Initializing XFRM netlink socket
[Wed Aug 13 16:29:19 2014] NET: Registered protocol family 10
[Wed Aug 13 16:29:19 2014] sit: IPv6 over IPv4 tunneling driver
[Wed Aug 13 16:29:19 2014] NET: Registered protocol family 17
[Wed Aug 13 16:29:19 2014] NET: Registered protocol family 15
[Wed Aug 13 16:29:19 2014] NET: Registered protocol family 33
[Wed Aug 13 16:29:19 2014] Key type rxrpc registered
[Wed Aug 13 16:29:19 2014] Key type rxrpc_s registered
[Wed Aug 13 16:29:19 2014] 8021q: 802.1Q VLAN Support v1.8
[Wed Aug 13 16:29:19 2014] sctp: Hash tables configured (established 65536 bind 65536)
[Wed Aug 13 16:29:19 2014] Key type dns_resolver registered
[Wed Aug 13 16:29:19 2014] rtc_cmos 00:00: setting system clock to 2014-08-13 16:29:18 UTC (1407947358)
[Wed Aug 13 16:29:19 2014] BIOS EDD facility v0.16 2004-Jun-25, 0 devices found
[Wed Aug 13 16:29:19 2014] EDD information not available.
[Wed Aug 13 16:29:19 2014] Freeing unused kernel memory: 536k freed
[Wed Aug 13 16:29:19 2014] systemd-udevd[62]: starting version 208
[Wed Aug 13 16:29:20 2014] tsc: Refined TSC clocksource calibration: 3392.190 MHz
[Wed Aug 13 16:29:20 2014] Switching to clocksource tsc
[Wed Aug 13 16:29:24 2014] EXT4-fs (vda1): INFO: recovery required on readonly filesystem
[Wed Aug 13 16:29:24 2014] EXT4-fs (vda1): write access will be enabled during recovery
[Wed Aug 13 16:30:16 2014] EXT4-fs (vda1): orphan cleanup on readonly fs
[Wed Aug 13 16:30:16 2014] EXT4-fs (vda1): ext4_orphan_cleanup: deleting unreferenced inode 401539
[Wed Aug 13 16:30:16 2014] EXT4-fs (vda1): 1 orphan inode deleted
[Wed Aug 13 16:30:16 2014] EXT4-fs (vda1): recovery complete
[Wed Aug 13 16:30:17 2014] EXT4-fs (vda1): mounted filesystem with ordered data mode. Opts: (null)
[Wed Aug 13 16:30:57 2014] systemd-udevd[231]: starting version 208
[Wed Aug 13 16:31:29 2014] Adding 3906556k swap on /dev/vda2.  Priority:-1 extents:1 across:3906556k 
[Wed Aug 13 16:31:30 2014] EXT4-fs (vda1): re-mounted. Opts: (null)
[Wed Aug 13 16:31:40 2014] EXT4-fs (vda1): re-mounted. Opts: errors=remount-ro
[Wed Aug 13 16:32:24 2014] EXT4-fs (vdb1): recovery complete
[Wed Aug 13 16:32:24 2014] EXT4-fs (vdb1): mounted filesystem with ordered data mode. Opts: (null)
[Wed Aug 13 16:32:30 2014] 8021q: adding VLAN 0 to HW filter on device eth0
[Wed Aug 13 16:33:14 2014] ip_tables: (C) 2000-2006 Netfilter Core Team
